THIS FILE CONTAINS THE METADATA ABOUT SYSTEM AND RUNTIME


-------System Info-------
Operating System Name: Linux
Nodename: MSI52780
Release: 6.6.87.2-microsoft-standard-WSL2
Version: #1 SMP PREEMPT_DYNAMIC Thu Jun  5 18:30:46 UTC 2025

-------Python and Package Versions------- 
Python Version: 3.10.20
SigProfilerMatrixGenerator Version: 1.3.6
SigProfilerPlotting version: 1.4.3
matplotlib version: 3.10.8
statsmodels version: 0.14.6
scipy version: 1.15.3
pandas version: 2.3.3
numpy version: 2.2.6

-------Vital Parameters Used for the execution -------
Project: Input_vcffiles
Genome: GRCh37
Input File Path: somatic_mutation_folder_sim/
exome: False
bed_file: None
chrom_based: False
plot: False
tsb_stat: False
seqInfo: True

-------Date and Time Data------- 
Date and Clock time when the execution started: 2026-04-27 16:28:31.401492


-------Runtime Checkpoints------- 
Chromosome 9 done
Chromosome 21 done
Chromosome 17 done
Chromosome 1 done
Chromosome 14 done
Chromosome 10 done
Chromosome 5 done
Chromosome 2 done
Chromosome 8 done
Chromosome 7 done
Chromosome 16 done
Chromosome X done
Chromosome 3 done
Chromosome 18 done
Chromosome 22 done
Chromosome 11 done
Chromosome 12 done
Chromosome 15 done
Chromosome 13 done
Chromosome 20 done
Chromosome 4 done
Chromosome Y done
Chromosome 19 done
Chromosome 6 done
Chromosome MT done
